// Jest Snapshot v1, https://goo.gl/fbAQLP

exports[`PostCard: renders PostCard 1`] = `
<DocumentFragment>
  <div
    class="ant-card ant-card-bordered ant-card-hoverable card"
    href="/posts/undefined"
  >
    <div
      class="ant-card-body"
    >
      <span
        class="ant-typography"
      />
    </div>
  </div>
</DocumentFragment>
`;
