// Jest Snapshot v1, https://goo.gl/fbAQLP

exports[`Comment: renders Comment 1`] = `
<Comment
  author={
    <a>
      John Doe
    </a>
  }
  avatar={
    <Avatar
      shape="circle"
      size="default"
    >
      J
    </Avatar>
  }
  content={
    <Paragraph>
      Comment body text
    </Paragraph>
  }
/>
`;
